Configuration matches entire snapshot:
  1: |
    apiVersion: gateway.networking.k8s.io/v1
    kind: Gateway
    metadata:
      annotations:
        networking.gke.io/certmap: test-service-nonprod-dev
      labels:
        app.kubernetes.io/component: web
        app.kubernetes.io/managed-by: argocd
        app.kubernetes.io/name: mozcloud-test
        app_code: mozcloud-test
        artifact_id: abcd1234
        component_code: web
        env_code: dev
        helm.sh/chart: test-chart
        mozcloud_chart: mozcloud-workload
        mozcloud_chart_version: 0.3.10
        realm: nonprod
      name: test-service
    spec:
      addresses:
        - type: NamedAddress
          value: mozcloud-workload-dev-ip-v4
      gatewayClassName: gke-l7-global-external-managed
      listeners:
        - allowedRoutes:
            namespaces:
              from: Same
          name: http
          port: 80
          protocol: HTTP
        - allowedRoutes:
            namespaces:
              from: Same
          name: https
          port: 443
          protocol: HTTPS
  2: |
    apiVersion: networking.gke.io/v1
    kind: GCPGatewayPolicy
    metadata:
      labels:
        app.kubernetes.io/component: gateway
        app.kubernetes.io/managed-by: argocd
        app.kubernetes.io/name: mozcloud-test
        app_code: mozcloud-test
        artifact_id: abcd1234
        component_code: gateway
        env_code: dev
        helm.sh/chart: test-chart
        mozcloud_chart: mozcloud-workload
        mozcloud_chart_version: 0.3.10
        realm: nonprod
      name: test-service
    spec:
      default:
        sslPolicy: mozilla-intermediate
      targetRef:
        group: gateway.networking.k8s.io
        kind: Gateway
        name: test-service
  3: |
    apiVersion: gateway.networking.k8s.io/v1
    kind: HTTPRoute
    metadata:
      labels:
        app.kubernetes.io/component: web
        app.kubernetes.io/managed-by: argocd
        app.kubernetes.io/name: mozcloud-test
        app_code: mozcloud-test
        artifact_id: abcd1234
        component_code: web
        env_code: dev
        helm.sh/chart: test-chart
        mozcloud_chart: mozcloud-workload
        mozcloud_chart_version: 0.3.10
        realm: nonprod
      name: test-service
    spec:
      hostnames:
        - test-service.dev.test-domain.com
      parentRefs:
        - group: gateway.networking.k8s.io
          kind: Gateway
          name: test-service
          sectionName: https
      rules:
        - backendRefs:
            - group: ""
              kind: Service
              name: test-service
              port: 8080
  4: |
    apiVersion: gateway.networking.k8s.io/v1
    kind: HTTPRoute
    metadata:
      labels:
        app.kubernetes.io/component: web
        app.kubernetes.io/managed-by: argocd
        app.kubernetes.io/name: mozcloud-test
        app_code: mozcloud-test
        artifact_id: abcd1234
        component_code: web
        env_code: dev
        helm.sh/chart: test-chart
        mozcloud_chart: mozcloud-workload
        mozcloud_chart_version: 0.3.10
        realm: nonprod
      name: test-service-http-redirect
    spec:
      hostnames:
        - test-service.dev.test-domain.com
      parentRefs:
        - group: gateway.networking.k8s.io
          kind: Gateway
          name: test-service
          sectionName: http
      rules:
        - filters:
            - requestRedirect:
                scheme: https
                statusCode: 302
              type: RequestRedirect
          matches:
            - path:
                type: PathPrefix
                value: /
  5: |
    apiVersion: v1
    kind: Service
    metadata:
      labels:
        app.kubernetes.io/component: web
        app.kubernetes.io/managed-by: argocd
        app.kubernetes.io/name: mozcloud-test
        app_code: mozcloud-test
        artifact_id: abcd1234
        component_code: web
        env_code: dev
        helm.sh/chart: test-chart
        mozcloud_chart: mozcloud-workload
        mozcloud_chart_version: 0.3.10
        realm: nonprod
      name: test-service
    spec:
      ports:
        - name: http
          port: 8080
          protocol: TCP
          targetPort: http
      selector:
        app.kubernetes.io/component: web
        app.kubernetes.io/name: mozcloud-test
        env_code: dev
      type: ClusterIP
  6: |
    apiVersion: networking.gke.io/v1
    kind: GCPBackendPolicy
    metadata:
      labels:
        app.kubernetes.io/component: web
        app.kubernetes.io/managed-by: argocd
        app.kubernetes.io/name: mozcloud-test
        app_code: mozcloud-test
        artifact_id: abcd1234
        component_code: web
        env_code: dev
        helm.sh/chart: test-chart
        mozcloud_chart: mozcloud-workload
        mozcloud_chart_version: 0.3.10
        realm: nonprod
      name: test-service
    spec:
      default:
        logging:
          enabled: true
          sampleRate: 100000
      targetRef:
        group: ""
        kind: Service
        name: test-service
  7: |
    apiVersion: networking.gke.io/v1
    kind: HealthCheckPolicy
    metadata:
      labels:
        app.kubernetes.io/component: web
        app.kubernetes.io/managed-by: argocd
        app.kubernetes.io/name: mozcloud-test
        app_code: mozcloud-test
        artifact_id: abcd1234
        component_code: web
        env_code: dev
        helm.sh/chart: test-chart
        mozcloud_chart: mozcloud-workload
        mozcloud_chart_version: 0.3.10
        realm: nonprod
      name: test-service
    spec:
      default:
        config:
          httpHealthCheck:
            requestPath: /__lbheartbeat__
          type: HTTP
      targetRef:
        group: ""
        kind: Service
        name: test-service
