Configuration matches entire snapshot:
  1: |
    apiVersion: batch/v1
    kind: CronJob
    metadata:
      labels:
        app.kubernetes.io/component: cronjob
        app.kubernetes.io/managed-by: argocd
        app.kubernetes.io/name: mozcloud-test
        app_code: mozcloud-test
        component_code: cronjob
        env_code: dev
        helm.sh/chart: test-chart
        mozcloud_chart: mozcloud-job
        mozcloud_chart_version: 1.0.0
        realm: nonprod
      name: test-cronjob
    spec:
      failedJobsHistoryLimit: 1
      jobTemplate:
        spec:
          backoffLimit: 6
          parallelism: 1
          template:
            spec:
              containers:
                - args:
                    - echo
                    - foo
                    - bar
                  command:
                    - sh
                    - -c
                  image: test-repo/test-image:latest
                  imagePullPolicy: Always
                  name: job
                  resources:
                    limits:
                      cpu: 20m
                      memory: 128Mi
                    requests:
                      cpu: 10m
                      memory: 64Mi
                  securityContext:
                    allowPrivilegeEscalation: false
                    capabilities:
                      drop:
                        - ALL
                    seccompProfile:
                      type: RuntimeDefault
              restartPolicy: Never
              securityContext:
                runAsGroup: 10001
                runAsNonRoot: true
                runAsUser: 10001
                seccompProfile:
                  type: RuntimeDefault
      schedule: 0 * * * *
      successfulJobsHistoryLimit: 1
