Configuration matches entire snapshot:
  1: |
    apiVersion: batch/v1
    kind: Job
    metadata:
      annotations:
        argocd.argoproj.io/hook-delete-policy: BeforeHookCreation,HookSucceeded
      labels:
        app.kubernetes.io/component: job
        app.kubernetes.io/managed-by: argocd
        app.kubernetes.io/name: mozcloud-test
        app_code: mozcloud-test
        component_code: job
        env_code: dev
        helm.sh/chart: test-chart
        realm: nonprod
      name: test-job
    spec:
      backoffLimit: 6
      parallelism: 1
      template:
        metadata:
          annotations:
            resource.opentelemetry.io/app_code: mozcloud-test
            resource.opentelemetry.io/component_code: job
            resource.opentelemetry.io/env_code: dev
            resource.opentelemetry.io/realm: nonprod
        spec:
          containers:
            - args:
                - echo
                - foo
                - bar
              command:
                - sh
                - -c
              image: test-repo/test-image:latest
              imagePullPolicy: Always
              name: job
              resources:
                limits:
                  cpu: 20m
                  memory: 128Mi
                requests:
                  cpu: 10m
                  memory: 64Mi
              securityContext:
                allowPrivilegeEscalation: false
                capabilities:
                  drop:
                    - ALL
                seccompProfile:
                  type: RuntimeDefault
          restartPolicy: Never
          securityContext:
            runAsGroup: 10001
            runAsNonRoot: true
            runAsUser: 10001
            seccompProfile:
              type: RuntimeDefault
