Configuration matches entire snapshot:
  1: |
    apiVersion: batch/v1
    kind: Job
    metadata:
      annotations:
        argocd.argoproj.io/hook: Sync
        argocd.argoproj.io/hook-delete-policy: BeforeHookCreation,HookSucceeded
        argocd.argoproj.io/sync-wave: "1"
      labels:
        app.kubernetes.io/component: job
        app.kubernetes.io/managed-by: argocd
        app.kubernetes.io/name: mozcloud-test
        app_code: mozcloud-test
        component_code: job
        env_code: dev
        helm.sh/chart: test-chart
        mozcloud_chart: mozcloud
        mozcloud_chart_version: 1.0.0
        realm: nonprod
      name: test-postdeployment-job
    spec:
      backoffLimit: 6
      parallelism: 1
      template:
        spec:
          containers:
            - args:
                - echo
                - running
                - after
                - deployment
              command:
                - sh
                - -c
              image: test-repo/test-postdeployment-job-image:3.0.0
              imagePullPolicy: Always
              name: job
              resources:
                limits:
                  cpu: 200m
                  memory: 256Mi
                requests:
                  cpu: 100m
                  memory: 128Mi
              securityContext:
                allowPrivilegeEscalation: false
                capabilities:
                  drop:
                    - ALL
                seccompProfile:
                  type: RuntimeDefault
          restartPolicy: Never
          securityContext:
            runAsGroup: 10001
            runAsNonRoot: true
            runAsUser: 10001
            seccompProfile:
              type: RuntimeDefault
  2: |
    apiVersion: batch/v1
    kind: Job
    metadata:
      annotations:
        argocd.argoproj.io/hook: Sync
        argocd.argoproj.io/hook-delete-policy: BeforeHookCreation,HookSucceeded
        argocd.argoproj.io/sync-wave: "-1"
      labels:
        app.kubernetes.io/component: job
        app.kubernetes.io/managed-by: argocd
        app.kubernetes.io/name: mozcloud-test
        app_code: mozcloud-test
        component_code: job
        env_code: dev
        helm.sh/chart: test-chart
        mozcloud_chart: mozcloud
        mozcloud_chart_version: 1.0.0
        realm: nonprod
      name: test-predeployment-job
    spec:
      backoffLimit: 6
      parallelism: 1
      template:
        spec:
          containers:
            - args:
                - echo
                - running
                - before
                - deployment
              command:
                - sh
                - -c
              image: test-repo/test-predeployment-job-image:2.0.0
              imagePullPolicy: Always
              name: job
              resources:
                limits:
                  cpu: 200m
                  memory: 256Mi
                requests:
                  cpu: 100m
                  memory: 128Mi
              securityContext:
                allowPrivilegeEscalation: false
                capabilities:
                  drop:
                    - ALL
                seccompProfile:
                  type: RuntimeDefault
          restartPolicy: Never
          securityContext:
            runAsGroup: 10001
            runAsNonRoot: true
            runAsUser: 10001
            seccompProfile:
              type: RuntimeDefault
