Configuration matches entire snapshot:
  1: |
    apiVersion: gateway.networking.k8s.io/v1
    kind: HTTPRoute
    metadata:
      labels:
        app.kubernetes.io/component: llm-proxy-data
        app.kubernetes.io/managed-by: argocd
        app.kubernetes.io/name: mozcloud-test
        app_code: mozcloud-test
        component_code: llm-proxy-data
        env_code: dev
        helm.sh/chart: test-chart
        mozcloud_chart: mozcloud
        mozcloud_chart_version: 1.0.0
        realm: nonprod
      name: litellm-https
    spec:
      hostnames:
        - litellm.example.com
      parentRefs:
        - group: gateway.networking.k8s.io
          kind: Gateway
          name: llm-proxy-redirect
          sectionName: https
      rules:
        - backendRefs:
            - group: ""
              kind: Service
              name: litellm
              port: 8000
              weight: 1
          matches:
            - path:
                type: PathPrefix
                value: /
  2: |
    apiVersion: gateway.networking.k8s.io/v1
    kind: HTTPRoute
    metadata:
      labels:
        app.kubernetes.io/component: llm-proxy-data
        app.kubernetes.io/managed-by: argocd
        app.kubernetes.io/name: mozcloud-test
        app_code: mozcloud-test
        component_code: llm-proxy-data
        env_code: dev
        helm.sh/chart: test-chart
        mozcloud_chart: mozcloud
        mozcloud_chart_version: 1.0.0
        realm: nonprod
      name: llm-proxy-http-redirect
    spec:
      hostnames:
        - mlpa.example.com
        - litellm.example.com
      parentRefs:
        - group: gateway.networking.k8s.io
          kind: Gateway
          name: llm-proxy-redirect
          sectionName: http
      rules:
        - filters:
            - requestRedirect:
                scheme: https
                statusCode: 302
              type: RequestRedirect
          matches:
            - path:
                type: PathPrefix
                value: /
