Configuration matches entire snapshot:
  1: |
    apiVersion: external-secrets.io/v1beta1
    kind: ExternalSecret
    metadata:
      annotations:
        argocd.argoproj.io/sync-wave: "-11"
      labels:
        app.kubernetes.io/component: externalsecret
        app.kubernetes.io/managed-by: argocd
        app.kubernetes.io/name: mozcloud-test
        app_code: mozcloud-test
        component_code: externalsecret
        env_code: dev
        helm.sh/chart: test-chart
        mozcloud_chart: mozcloud
        mozcloud_chart_version: 1.0.0
        realm: nonprod
      name: mozcloud-test-secrets
    spec:
      dataFrom:
        - extract:
            conversionStrategy: Default
            decodingStrategy: None
            key: dev-gke-app-secrets
            metadataPolicy: None
            version: latest
      refreshInterval: 5m
      secretStoreRef:
        kind: SecretStore
        name: secret-store
      target:
        creationPolicy: Owner
        name: mozcloud-test-secrets
  2: |
    apiVersion: external-secrets.io/v1beta1
    kind: ExternalSecret
    metadata:
      annotations:
        argocd.argoproj.io/sync-wave: "-11"
      labels:
        app.kubernetes.io/component: externalsecret
        app.kubernetes.io/managed-by: argocd
        app.kubernetes.io/name: mozcloud-test
        app_code: mozcloud-test
        component_code: externalsecret
        env_code: dev
        helm.sh/chart: test-chart
        mozcloud_chart: mozcloud
        mozcloud_chart_version: 1.0.0
        realm: nonprod
      name: test-k8s-secret
    spec:
      dataFrom:
        - extract:
            conversionStrategy: Default
            decodingStrategy: None
            key: dev-gke-test-custom-secrets
            metadataPolicy: None
            version: "12"
      refreshInterval: 5m
      secretStoreRef:
        kind: SecretStore
        name: secret-store
      target:
        creationPolicy: Owner
        name: test-k8s-secret
