Configuration matches entire snapshot:
  1: |
    apiVersion: external-secrets.io/v1beta1
    kind: ExternalSecret
    metadata:
      annotations:
        argocd.argoproj.io/sync-wave: "-11"
      labels:
        app.kubernetes.io/component: externalsecret
        app.kubernetes.io/managed-by: argocd
        app.kubernetes.io/name: mozcloud-test
        app_code: mozcloud-test
        component_code: externalsecret
        env_code: dev
        helm.sh/chart: test-chart
        mozcloud_chart: mozcloud
        mozcloud_chart_version: 1.0.0
        realm: nonprod
      name: test-chart-secrets
    spec:
      dataFrom:
        - extract:
            conversionStrategy: Default
            decodingStrategy: None
            key: dev-gke-app-secrets
            metadataPolicy: None
            version: latest
      refreshInterval: 5m
      secretStoreRef:
        kind: SecretStore
        name: secret-store
      target:
        creationPolicy: Owner
        name: test-chart-secrets
  2: |
    apiVersion: external-secrets.io/v1beta1
    kind: ExternalSecret
    metadata:
      annotations:
        argocd.argoproj.io/sync-wave: "-11"
      labels:
        app.kubernetes.io/component: externalsecret
        app.kubernetes.io/managed-by: argocd
        app.kubernetes.io/name: mozcloud-test
        app_code: mozcloud-test
        component_code: externalsecret
        env_code: dev
        helm.sh/chart: test-chart
        mozcloud_chart: mozcloud
        mozcloud_chart_version: 1.0.0
        realm: nonprod
      name: test-k8s-secret
    spec:
      dataFrom:
        - extract:
            conversionStrategy: Default
            decodingStrategy: None
            key: dev-gke-test-custom-secrets
            metadataPolicy: None
            version: "12"
      refreshInterval: 5m
      secretStoreRef:
        kind: SecretStore
        name: secret-store
      target:
        creationPolicy: Owner
        name: test-k8s-secret
  3: |
    apiVersion: batch/v1
    kind: CronJob
    metadata:
      labels:
        app.kubernetes.io/component: cronjob
        app.kubernetes.io/managed-by: argocd
        app.kubernetes.io/name: mozcloud-test
        app_code: mozcloud-test
        component_code: cronjob
        env_code: dev
        helm.sh/chart: test-chart
        mozcloud_chart: mozcloud
        mozcloud_chart_version: 1.0.0
        realm: nonprod
      name: test-cronjob
    spec:
      failedJobsHistoryLimit: 1
      jobTemplate:
        spec:
          backoffLimit: 6
          parallelism: 1
          template:
            metadata:
              annotations:
                resource.opentelemetry.io/app_code: mozcloud-test
                resource.opentelemetry.io/component_code: cronjob
                resource.opentelemetry.io/env_code: dev
                resource.opentelemetry.io/realm: nonprod
              labels:
                app.kubernetes.io/component: cronjob
                app.kubernetes.io/managed-by: argocd
                app.kubernetes.io/name: mozcloud-test
                app_code: mozcloud-test
                component_code: cronjob
                env_code: dev
                helm.sh/chart: test-chart
                mozcloud_chart: mozcloud
                mozcloud_chart_version: 1.0.0
                realm: nonprod
            spec:
              containers:
                - envFrom:
                    - secretRef:
                        name: test-k8s-secret
                    - secretRef:
                        name: externally-managed-secret
                  image: test-repo/test-image:1.0.0
                  imagePullPolicy: Always
                  name: job
                  resources:
                    limits:
                      cpu: 200m
                      memory: 256Mi
                    requests:
                      cpu: 100m
                      memory: 128Mi
                  securityContext:
                    allowPrivilegeEscalation: false
                    capabilities:
                      drop:
                        - ALL
                    seccompProfile:
                      type: RuntimeDefault
              restartPolicy: Never
              securityContext:
                runAsGroup: 10001
                runAsNonRoot: true
                runAsUser: 10001
                seccompProfile:
                  type: RuntimeDefault
      schedule: 0 * * * *
      successfulJobsHistoryLimit: 1
  4: |
    apiVersion: batch/v1
    kind: Job
    metadata:
      annotations:
        argocd.argoproj.io/hook: Sync
        argocd.argoproj.io/hook-delete-policy: BeforeHookCreation,HookSucceeded
        argocd.argoproj.io/sync-wave: "-1"
      labels:
        app.kubernetes.io/component: job
        app.kubernetes.io/managed-by: argocd
        app.kubernetes.io/name: mozcloud-test
        app_code: mozcloud-test
        component_code: job
        env_code: dev
        helm.sh/chart: test-chart
        mozcloud_chart: mozcloud
        mozcloud_chart_version: 1.0.0
        realm: nonprod
      name: test-job
    spec:
      backoffLimit: 6
      parallelism: 1
      template:
        metadata:
          annotations:
            resource.opentelemetry.io/app_code: mozcloud-test
            resource.opentelemetry.io/component_code: job
            resource.opentelemetry.io/env_code: dev
            resource.opentelemetry.io/realm: nonprod
          labels:
            app.kubernetes.io/component: job
            app.kubernetes.io/managed-by: argocd
            app.kubernetes.io/name: mozcloud-test
            app_code: mozcloud-test
            component_code: job
            env_code: dev
            helm.sh/chart: test-chart
            mozcloud_chart: mozcloud
            mozcloud_chart_version: 1.0.0
            realm: nonprod
        spec:
          containers:
            - envFrom:
                - secretRef:
                    name: test-k8s-secret
                - secretRef:
                    name: externally-managed-secret
              image: test-repo/test-image:1.0.0
              imagePullPolicy: Always
              name: job
              resources:
                limits:
                  cpu: 200m
                  memory: 256Mi
                requests:
                  cpu: 100m
                  memory: 128Mi
              securityContext:
                allowPrivilegeEscalation: false
                capabilities:
                  drop:
                    - ALL
                seccompProfile:
                  type: RuntimeDefault
          restartPolicy: Never
          securityContext:
            runAsGroup: 10001
            runAsNonRoot: true
            runAsUser: 10001
            seccompProfile:
              type: RuntimeDefault
  5: |
    apiVersion: apps/v1
    kind: Deployment
    metadata:
      labels:
        app.kubernetes.io/component: web
        app.kubernetes.io/managed-by: argocd
        app.kubernetes.io/name: mozcloud-test
        app_code: mozcloud-test
        component_code: web
        env_code: dev
        helm.sh/chart: test-chart
        mozcloud_chart: mozcloud
        mozcloud_chart_version: 1.0.0
        realm: nonprod
      name: test-service
    spec:
      selector:
        matchLabels:
          app.kubernetes.io/component: web
          app.kubernetes.io/name: mozcloud-test
          env_code: dev
      strategy:
        type: RollingUpdate
      template:
        metadata:
          annotations:
            resource.opentelemetry.io/app_code: mozcloud-test
            resource.opentelemetry.io/component_code: web
            resource.opentelemetry.io/env_code: dev
            resource.opentelemetry.io/realm: nonprod
          labels:
            app.kubernetes.io/component: web
            app.kubernetes.io/managed-by: argocd
            app.kubernetes.io/name: mozcloud-test
            app_code: mozcloud-test
            component_code: web
            env_code: dev
            helm.sh/chart: test-chart
            mozcloud_chart: mozcloud
            mozcloud_chart_version: 1.0.0
            realm: nonprod
        spec:
          containers:
            - envFrom:
                - secretRef:
                    name: test-chart-secrets
              image: test-repo/test-image:1.0.0
              imagePullPolicy: Always
              livenessProbe:
                failureThreshold: 5
                httpGet:
                  path: /__lbheartbeat__
                  port: app
                initialDelaySeconds: 10
                periodSeconds: 6
                successThreshold: 1
                timeoutSeconds: 5
              name: app
              ports:
                - containerPort: 8000
                  name: app
              readinessProbe:
                failureThreshold: 3
                httpGet:
                  path: /__lbheartbeat__
                  port: app
                initialDelaySeconds: 10
                periodSeconds: 6
                successThreshold: 1
                timeoutSeconds: 5
              resources:
                limits:
                  cpu: 200m
                  memory: 256Mi
                requests:
                  cpu: 100m
                  memory: 128Mi
              securityContext:
                allowPrivilegeEscalation: false
                capabilities:
                  drop:
                    - ALL
                seccompProfile:
                  type: RuntimeDefault
            - envFrom:
                - secretRef:
                    name: test-chart-secrets
                - secretRef:
                    name: test-k8s-secret
              image: test-repo/test-image:1.0.0
              imagePullPolicy: Always
              livenessProbe:
                failureThreshold: 5
                httpGet:
                  path: /__lbheartbeat__
                  port: custom
                initialDelaySeconds: 10
                periodSeconds: 6
                successThreshold: 1
                timeoutSeconds: 5
              name: custom
              ports:
                - containerPort: 8000
                  name: custom
              readinessProbe:
                failureThreshold: 3
                httpGet:
                  path: /__lbheartbeat__
                  port: custom
                initialDelaySeconds: 10
                periodSeconds: 6
                successThreshold: 1
                timeoutSeconds: 5
              resources:
                limits:
                  cpu: 200m
                  memory: 256Mi
                requests:
                  cpu: 100m
                  memory: 128Mi
              securityContext:
                allowPrivilegeEscalation: false
                capabilities:
                  drop:
                    - ALL
                seccompProfile:
                  type: RuntimeDefault
            - envFrom:
                - secretRef:
                    name: test-chart-secrets
                - secretRef:
                    name: externally-managed-secret
              image: test-repo/test-image:1.0.0
              imagePullPolicy: Always
              livenessProbe:
                failureThreshold: 5
                httpGet:
                  path: /__lbheartbeat__
                  port: external
                initialDelaySeconds: 10
                periodSeconds: 6
                successThreshold: 1
                timeoutSeconds: 5
              name: external
              ports:
                - containerPort: 8000
                  name: external
              readinessProbe:
                failureThreshold: 3
                httpGet:
                  path: /__lbheartbeat__
                  port: external
                initialDelaySeconds: 10
                periodSeconds: 6
                successThreshold: 1
                timeoutSeconds: 5
              resources:
                limits:
                  cpu: 200m
                  memory: 256Mi
                requests:
                  cpu: 100m
                  memory: 128Mi
              securityContext:
                allowPrivilegeEscalation: false
                capabilities:
                  drop:
                    - ALL
                seccompProfile:
                  type: RuntimeDefault
          initContainers:
            - envFrom:
                - secretRef:
                    name: test-chart-secrets
                - secretRef:
                    name: test-k8s-secret
                - secretRef:
                    name: externally-managed-secret
              image: test-repo/test-image:1.0.0
              imagePullPolicy: Always
              name: init
              resources:
                limits:
                  cpu: 200m
                  memory: 256Mi
                requests:
                  cpu: 100m
                  memory: 128Mi
              securityContext:
                allowPrivilegeEscalation: false
                capabilities:
                  drop:
                    - ALL
                seccompProfile:
                  type: RuntimeDefault
          securityContext:
            runAsGroup: 10001
            runAsNonRoot: true
            runAsUser: 10001
            seccompProfile:
              type: RuntimeDefault
          serviceAccountName: mozcloud-test
