Configuration matches entire snapshot:
  1: |
    apiVersion: gateway.networking.k8s.io/v1
    kind: HTTPRoute
    metadata:
      labels:
        app.kubernetes.io/component: web
        app.kubernetes.io/managed-by: argocd
        app.kubernetes.io/name: mozcloud-test
        app_code: mozcloud-test
        component_code: web
        env_code: dev
        helm.sh/chart: test-chart
        mozcloud_chart: mozcloud
        mozcloud_chart_version: 1.0.0
        realm: nonprod
      name: default-redirect
    spec:
      hostnames:
        - default.redirect
      parentRefs:
        - group: gateway.networking.k8s.io
          kind: Gateway
          name: mozcloud-test
          sectionName: https
      rules:
        - backendRefs:
            - group: ""
              kind: Service
              name: test-service
              port: 8080
              weight: 1
          matches:
            - path:
                type: PathPrefix
                value: /
  2: |
    apiVersion: gateway.networking.k8s.io/v1
    kind: HTTPRoute
    metadata:
      labels:
        app.kubernetes.io/component: web
        app.kubernetes.io/managed-by: argocd
        app.kubernetes.io/name: mozcloud-test
        app_code: mozcloud-test
        component_code: web
        env_code: dev
        helm.sh/chart: test-chart
        mozcloud_chart: mozcloud
        mozcloud_chart_version: 1.0.0
        realm: nonprod
      name: default-redirect-http-redirect
    spec:
      hostnames:
        - default.redirect
      parentRefs:
        - group: gateway.networking.k8s.io
          kind: Gateway
          name: mozcloud-test
          sectionName: http
      rules:
        - filters:
            - requestRedirect:
                scheme: https
                statusCode: 302
              type: RequestRedirect
          matches:
            - path:
                type: PathPrefix
                value: /
  3: |
    apiVersion: gateway.networking.k8s.io/v1
    kind: HTTPRoute
    metadata:
      labels:
        app.kubernetes.io/component: web
        app.kubernetes.io/managed-by: argocd
        app.kubernetes.io/name: mozcloud-test
        app_code: mozcloud-test
        component_code: web
        env_code: dev
        helm.sh/chart: test-chart
        mozcloud_chart: mozcloud
        mozcloud_chart_version: 1.0.0
        realm: nonprod
      name: disabled-redirect
    spec:
      hostnames:
        - disabled.redirect
      parentRefs:
        - group: gateway.networking.k8s.io
          kind: Gateway
          name: mozcloud-test
          sectionName: https
      rules:
        - backendRefs:
            - group: ""
              kind: Service
              name: test-service
              port: 8080
              weight: 1
          matches:
            - path:
                type: PathPrefix
                value: /
  4: |
    apiVersion: gateway.networking.k8s.io/v1
    kind: HTTPRoute
    metadata:
      labels:
        app.kubernetes.io/component: web
        app.kubernetes.io/managed-by: argocd
        app.kubernetes.io/name: mozcloud-test
        app_code: mozcloud-test
        component_code: web
        env_code: dev
        helm.sh/chart: test-chart
        mozcloud_chart: mozcloud
        mozcloud_chart_version: 1.0.0
        realm: nonprod
      name: explicitly-enabled-redirect
    spec:
      hostnames:
        - explicitly.enabled.redirect
      parentRefs:
        - group: gateway.networking.k8s.io
          kind: Gateway
          name: mozcloud-test
          sectionName: https
      rules:
        - backendRefs:
            - group: ""
              kind: Service
              name: test-service
              port: 8080
              weight: 1
          matches:
            - path:
                type: PathPrefix
                value: /
  5: |
    apiVersion: gateway.networking.k8s.io/v1
    kind: HTTPRoute
    metadata:
      labels:
        app.kubernetes.io/component: web
        app.kubernetes.io/managed-by: argocd
        app.kubernetes.io/name: mozcloud-test
        app_code: mozcloud-test
        component_code: web
        env_code: dev
        helm.sh/chart: test-chart
        mozcloud_chart: mozcloud
        mozcloud_chart_version: 1.0.0
        realm: nonprod
      name: explicitly-enabled-redirect-http-redirect
    spec:
      hostnames:
        - explicitly.enabled.redirect
      parentRefs:
        - group: gateway.networking.k8s.io
          kind: Gateway
          name: mozcloud-test
          sectionName: http
      rules:
        - filters:
            - requestRedirect:
                scheme: https
                statusCode: 302
              type: RequestRedirect
          matches:
            - path:
                type: PathPrefix
                value: /
  6: |
    apiVersion: gateway.networking.k8s.io/v1
    kind: HTTPRoute
    metadata:
      labels:
        app.kubernetes.io/component: web
        app.kubernetes.io/managed-by: argocd
        app.kubernetes.io/name: mozcloud-test
        app_code: mozcloud-test
        component_code: web
        env_code: dev
        helm.sh/chart: test-chart
        mozcloud_chart: mozcloud
        mozcloud_chart_version: 1.0.0
        realm: nonprod
      name: permanent-redirect
    spec:
      hostnames:
        - permanent.redirect
      parentRefs:
        - group: gateway.networking.k8s.io
          kind: Gateway
          name: mozcloud-test
          sectionName: https
      rules:
        - backendRefs:
            - group: ""
              kind: Service
              name: test-service
              port: 8080
              weight: 1
          matches:
            - path:
                type: PathPrefix
                value: /
  7: |
    apiVersion: gateway.networking.k8s.io/v1
    kind: HTTPRoute
    metadata:
      labels:
        app.kubernetes.io/component: web
        app.kubernetes.io/managed-by: argocd
        app.kubernetes.io/name: mozcloud-test
        app_code: mozcloud-test
        component_code: web
        env_code: dev
        helm.sh/chart: test-chart
        mozcloud_chart: mozcloud
        mozcloud_chart_version: 1.0.0
        realm: nonprod
      name: permanent-redirect-http-redirect
    spec:
      hostnames:
        - permanent.redirect
      parentRefs:
        - group: gateway.networking.k8s.io
          kind: Gateway
          name: mozcloud-test
          sectionName: http
      rules:
        - filters:
            - requestRedirect:
                scheme: https
                statusCode: 301
              type: RequestRedirect
          matches:
            - path:
                type: PathPrefix
                value: /
