Configuration matches entire snapshot:
  1: |
    apiVersion: cloud.google.com/v1
    kind: BackendConfig
    metadata:
      labels:
        app.kubernetes.io/component: app
        app.kubernetes.io/managed-by: argocd
        app.kubernetes.io/name: mozcloud-test
        app_code: mozcloud-test
        component_code: app
        env_code: dev
        helm.sh/chart: test-chart
        mozcloud_chart: mozcloud
        mozcloud_chart_version: 1.0.0
        realm: nonprod
      name: app
    spec:
      iap:
        enabled: true
      logging:
        enable: true
        sampleRate: 0.1
      securityPolicy:
        name: host-policy
      timeoutSec: 120
  2: |
    apiVersion: cloud.google.com/v1
    kind: BackendConfig
    metadata:
      labels:
        app.kubernetes.io/component: app
        app.kubernetes.io/managed-by: argocd
        app.kubernetes.io/name: mozcloud-test
        app_code: mozcloud-test
        component_code: app
        env_code: dev
        helm.sh/chart: test-chart
        mozcloud_chart: mozcloud
        mozcloud_chart_version: 1.0.0
        realm: nonprod
      name: app-webhook
    spec:
      logging:
        enable: true
        sampleRate: 0.1
      securityPolicy:
        name: host-policy
      timeoutSec: 300
  3: |
    apiVersion: networking.gke.io/v1
    kind: ManagedCertificate
    metadata:
      labels:
        app.kubernetes.io/component: app
        app.kubernetes.io/managed-by: argocd
        app.kubernetes.io/name: mozcloud-test
        app_code: mozcloud-test
        component_code: app
        env_code: dev
        helm.sh/chart: test-chart
        mozcloud_chart: mozcloud
        mozcloud_chart_version: 1.0.0
        realm: nonprod
      name: iap-host-dev-test-domain-com
    spec:
      domains:
        - iap-host.dev.test-domain.com
  4: |
    apiVersion: networking.k8s.io/v1
    kind: Ingress
    metadata:
      annotations:
        kubernetes.io/ingress.class: gce
        kubernetes.io/ingress.global-static-ip-name: mozcloud-dev-ip-v4
        networking.gke.io/managed-certificates: iap-host-dev-test-domain-com
        networking.gke.io/v1beta1.FrontendConfig: iap-host
      labels:
        app.kubernetes.io/component: app
        app.kubernetes.io/managed-by: argocd
        app.kubernetes.io/name: mozcloud-test
        app_code: mozcloud-test
        component_code: app
        env_code: dev
        helm.sh/chart: test-chart
        mozcloud_chart: mozcloud
        mozcloud_chart_version: 1.0.0
        realm: nonprod
      name: iap-host
    spec:
      rules:
        - host: iap-host.dev.test-domain.com
          http:
            paths:
              - backend:
                  service:
                    name: app
                    port:
                      number: 8080
                path: /
                pathType: Prefix
              - backend:
                  service:
                    name: app-webhook
                    port:
                      number: 8080
                path: /bugzilla_webhook
                pathType: Exact
  5: |
    apiVersion: v1
    kind: Service
    metadata:
      annotations:
        cloud.google.com/backend-config: '{"default": "app"}'
        cloud.google.com/neg: '{"ingress": true}'
      labels:
        app.kubernetes.io/component: app
        app.kubernetes.io/managed-by: argocd
        app.kubernetes.io/name: mozcloud-test
        app_code: mozcloud-test
        component_code: app
        env_code: dev
        helm.sh/chart: test-chart
        mozcloud_chart: mozcloud
        mozcloud_chart_version: 1.0.0
        realm: nonprod
      name: app
    spec:
      ports:
        - name: http
          port: 8080
          protocol: TCP
          targetPort: http
      selector:
        app.kubernetes.io/component: app
        app.kubernetes.io/name: mozcloud-test
        env_code: dev
      type: ClusterIP
  6: |
    apiVersion: v1
    kind: Service
    metadata:
      annotations:
        cloud.google.com/backend-config: '{"default": "app-webhook"}'
        cloud.google.com/neg: '{"ingress": true}'
      labels:
        app.kubernetes.io/component: app
        app.kubernetes.io/managed-by: argocd
        app.kubernetes.io/name: mozcloud-test
        app_code: mozcloud-test
        component_code: app
        env_code: dev
        helm.sh/chart: test-chart
        mozcloud_chart: mozcloud
        mozcloud_chart_version: 1.0.0
        realm: nonprod
      name: app-webhook
    spec:
      ports:
        - name: http
          port: 8080
          protocol: TCP
          targetPort: http
      selector:
        app.kubernetes.io/component: app
        app.kubernetes.io/name: mozcloud-test
        env_code: dev
      type: ClusterIP
