Configuration matches entire snapshot:
  1: |
    apiVersion: cloud.google.com/v1
    kind: BackendConfig
    metadata:
      labels:
        app.kubernetes.io/component: app
        app.kubernetes.io/managed-by: argocd
        app.kubernetes.io/name: mozcloud-test
        app_code: mozcloud-test
        component_code: app
        env_code: dev
        helm.sh/chart: test-chart
        mozcloud_chart: mozcloud
        mozcloud_chart_version: 1.0.0
        realm: nonprod
      name: divergent-backend
    spec:
      logging:
        enable: true
        sampleRate: 0.1
  2: |
    apiVersion: networking.gke.io/v1
    kind: ManagedCertificate
    metadata:
      labels:
        app.kubernetes.io/component: app
        app.kubernetes.io/managed-by: argocd
        app.kubernetes.io/name: mozcloud-test
        app_code: mozcloud-test
        component_code: app
        env_code: dev
        helm.sh/chart: test-chart
        mozcloud_chart: mozcloud
        mozcloud_chart_version: 1.0.0
        realm: nonprod
      name: divergent-dev-test-domain-com
    spec:
      domains:
        - divergent.dev.test-domain.com
  3: |
    apiVersion: cloud.google.com/v1
    kind: BackendConfig
    metadata:
      labels:
        app.kubernetes.io/component: app
        app.kubernetes.io/managed-by: argocd
        app.kubernetes.io/name: mozcloud-test
        app_code: mozcloud-test
        component_code: app
        env_code: dev
        helm.sh/chart: test-chart
        mozcloud_chart: mozcloud
        mozcloud_chart_version: 1.0.0
        realm: nonprod
      name: same-name-backend
    spec:
      logging:
        enable: true
        sampleRate: 0.1
  4: |
    apiVersion: networking.gke.io/v1
    kind: ManagedCertificate
    metadata:
      labels:
        app.kubernetes.io/component: app
        app.kubernetes.io/managed-by: argocd
        app.kubernetes.io/name: mozcloud-test
        app_code: mozcloud-test
        component_code: app
        env_code: dev
        helm.sh/chart: test-chart
        mozcloud_chart: mozcloud
        mozcloud_chart_version: 1.0.0
        realm: nonprod
      name: same-name-dev-test-domain-com
    spec:
      domains:
        - same-name.dev.test-domain.com
  5: |
    apiVersion: networking.k8s.io/v1
    kind: Ingress
    metadata:
      annotations:
        kubernetes.io/ingress.class: gce
        kubernetes.io/ingress.global-static-ip-name: mozcloud-dev-ip-v4
        networking.gke.io/managed-certificates: divergent-dev-test-domain-com
        networking.gke.io/v1beta1.FrontendConfig: divergent-host
      labels:
        app.kubernetes.io/component: app
        app.kubernetes.io/managed-by: argocd
        app.kubernetes.io/name: mozcloud-test
        app_code: mozcloud-test
        component_code: app
        env_code: dev
        helm.sh/chart: test-chart
        mozcloud_chart: mozcloud
        mozcloud_chart_version: 1.0.0
        realm: nonprod
      name: divergent-host
    spec:
      defaultBackend:
        service:
          name: divergent-service
          port:
            number: 9000
  6: |
    apiVersion: v1
    kind: Service
    metadata:
      annotations:
        cloud.google.com/backend-config: '{"default": "divergent-backend"}'
        cloud.google.com/neg: '{"ingress": true}'
      labels:
        app.kubernetes.io/component: app
        app.kubernetes.io/managed-by: argocd
        app.kubernetes.io/name: mozcloud-test
        app_code: mozcloud-test
        component_code: app
        env_code: dev
        helm.sh/chart: test-chart
        mozcloud_chart: mozcloud
        mozcloud_chart_version: 1.0.0
        realm: nonprod
      name: divergent-service
    spec:
      ports:
        - name: http
          port: 9000
          protocol: TCP
          targetPort: http
      selector:
        app.kubernetes.io/component: app
        app.kubernetes.io/name: mozcloud-test
        env_code: dev
      type: ClusterIP
  7: |
    apiVersion: networking.k8s.io/v1
    kind: Ingress
    metadata:
      annotations:
        kubernetes.io/ingress.class: gce
        kubernetes.io/ingress.global-static-ip-name: mozcloud-dev-ip-v4
        networking.gke.io/managed-certificates: same-name-dev-test-domain-com
        networking.gke.io/v1beta1.FrontendConfig: same-name-host
      labels:
        app.kubernetes.io/component: app
        app.kubernetes.io/managed-by: argocd
        app.kubernetes.io/name: mozcloud-test
        app_code: mozcloud-test
        component_code: app
        env_code: dev
        helm.sh/chart: test-chart
        mozcloud_chart: mozcloud
        mozcloud_chart_version: 1.0.0
        realm: nonprod
      name: same-name-host
    spec:
      defaultBackend:
        service:
          name: same-name-backend
          port:
            number: 8080
  8: |
    apiVersion: v1
    kind: Service
    metadata:
      annotations:
        cloud.google.com/backend-config: '{"default": "same-name-backend"}'
        cloud.google.com/neg: '{"ingress": true}'
      labels:
        app.kubernetes.io/component: app
        app.kubernetes.io/managed-by: argocd
        app.kubernetes.io/name: mozcloud-test
        app_code: mozcloud-test
        component_code: app
        env_code: dev
        helm.sh/chart: test-chart
        mozcloud_chart: mozcloud
        mozcloud_chart_version: 1.0.0
        realm: nonprod
      name: same-name-backend
    spec:
      ports:
        - name: http
          port: 8080
          protocol: TCP
          targetPort: http
      selector:
        app.kubernetes.io/component: app
        app.kubernetes.io/name: mozcloud-test
        env_code: dev
      type: ClusterIP
