Configuration matches entire snapshot:
  1: |
    apiVersion: v1
    kind: Service
    metadata:
      labels:
        app.kubernetes.io/component: api
        app.kubernetes.io/managed-by: argocd
        app.kubernetes.io/name: mozcloud-test
        app_code: mozcloud-test
        component_code: api
        env_code: dev
        helm.sh/chart: test-chart
        mozcloud_chart: mozcloud
        mozcloud_chart_version: 1.0.0
        realm: nonprod
      name: gateway-service
    spec:
      ports:
        - name: http
          port: 8080
          protocol: TCP
          targetPort: http
      selector:
        app.kubernetes.io/component: api
        app.kubernetes.io/name: mozcloud-test
        env_code: dev
      type: ClusterIP
  2: |
    apiVersion: networking.gke.io/v1
    kind: GCPBackendPolicy
    metadata:
      labels:
        app.kubernetes.io/component: api
        app.kubernetes.io/managed-by: argocd
        app.kubernetes.io/name: mozcloud-test
        app_code: mozcloud-test
        component_code: api
        env_code: dev
        helm.sh/chart: test-chart
        mozcloud_chart: mozcloud
        mozcloud_chart_version: 1.0.0
        realm: nonprod
      name: gateway-service
    spec:
      default:
        logging:
          enabled: true
          sampleRate: 100000
      targetRef:
        group: ""
        kind: Service
        name: gateway-service
  3: |
    apiVersion: networking.gke.io/v1
    kind: HealthCheckPolicy
    metadata:
      labels:
        app.kubernetes.io/component: api
        app.kubernetes.io/managed-by: argocd
        app.kubernetes.io/name: mozcloud-test
        app_code: mozcloud-test
        component_code: api
        env_code: dev
        helm.sh/chart: test-chart
        mozcloud_chart: mozcloud
        mozcloud_chart_version: 1.0.0
        realm: nonprod
      name: gateway-service
    spec:
      default:
        config:
          httpHealthCheck:
            requestPath: /__lbheartbeat__
          type: HTTP
      targetRef:
        group: ""
        kind: Service
        name: gateway-service
  4: |
    apiVersion: gateway.networking.k8s.io/v1
    kind: Gateway
    metadata:
      annotations:
        networking.gke.io/certmap: gateway-service-nonprod-dev
      labels:
        app.kubernetes.io/component: gateway
        app.kubernetes.io/managed-by: argocd
        app.kubernetes.io/name: mozcloud-test
        app_code: mozcloud-test
        component_code: gateway
        env_code: dev
        helm.sh/chart: test-chart
        mozcloud_chart: mozcloud
        mozcloud_chart_version: 1.0.0
        realm: nonprod
      name: mozcloud-test
    spec:
      addresses:
        - type: NamedAddress
          value: mozcloud-dev-ip-v4
      gatewayClassName: gke-l7-global-external-managed
      listeners:
        - allowedRoutes:
            namespaces:
              from: Same
          name: http
          port: 80
          protocol: HTTP
        - allowedRoutes:
            namespaces:
              from: Same
          name: https
          port: 443
          protocol: HTTPS
  5: |
    apiVersion: networking.gke.io/v1
    kind: GCPGatewayPolicy
    metadata:
      labels:
        app.kubernetes.io/component: gateway
        app.kubernetes.io/managed-by: argocd
        app.kubernetes.io/name: mozcloud-test
        app_code: mozcloud-test
        component_code: gateway
        env_code: dev
        helm.sh/chart: test-chart
        mozcloud_chart: mozcloud
        mozcloud_chart_version: 1.0.0
        realm: nonprod
      name: mozcloud-test
    spec:
      default:
        sslPolicy: mozilla-intermediate
      targetRef:
        group: gateway.networking.k8s.io
        kind: Gateway
        name: mozcloud-test
  6: |
    apiVersion: gateway.networking.k8s.io/v1
    kind: HTTPRoute
    metadata:
      labels:
        app.kubernetes.io/component: api
        app.kubernetes.io/managed-by: argocd
        app.kubernetes.io/name: mozcloud-test
        app_code: mozcloud-test
        component_code: api
        env_code: dev
        helm.sh/chart: test-chart
        mozcloud_chart: mozcloud
        mozcloud_chart_version: 1.0.0
        realm: nonprod
      name: gateway-service
    spec:
      hostnames:
        - gateway-service.dev.test-domain.com
      parentRefs:
        - group: gateway.networking.k8s.io
          kind: Gateway
          name: mozcloud-test
          sectionName: https
      rules:
        - backendRefs:
            - group: ""
              kind: Service
              name: gateway-service
              port: 8080
  7: |
    apiVersion: gateway.networking.k8s.io/v1
    kind: HTTPRoute
    metadata:
      labels:
        app.kubernetes.io/component: api
        app.kubernetes.io/managed-by: argocd
        app.kubernetes.io/name: mozcloud-test
        app_code: mozcloud-test
        component_code: api
        env_code: dev
        helm.sh/chart: test-chart
        mozcloud_chart: mozcloud
        mozcloud_chart_version: 1.0.0
        realm: nonprod
      name: gateway-service-http-redirect
    spec:
      hostnames:
        - gateway-service.dev.test-domain.com
      parentRefs:
        - group: gateway.networking.k8s.io
          kind: Gateway
          name: mozcloud-test
          sectionName: http
      rules:
        - filters:
            - requestRedirect:
                scheme: https
                statusCode: 302
              type: RequestRedirect
          matches:
            - path:
                type: PathPrefix
                value: /
  8: |
    apiVersion: networking.k8s.io/v1
    kind: Ingress
    metadata:
      annotations:
        kubernetes.io/ingress.class: gce
        kubernetes.io/ingress.global-static-ip-name: mozcloud-dev-ip-v4-ingress
        networking.gke.io/managed-certificates: mcrt-ingress-service-dev-test-domain-com
        networking.gke.io/v1beta1.FrontendConfig: ingress-service
      labels:
        app.kubernetes.io/component: web
        app.kubernetes.io/managed-by: argocd
        app.kubernetes.io/name: mozcloud-test
        app_code: mozcloud-test
        component_code: web
        env_code: dev
        helm.sh/chart: test-chart
        mozcloud_chart: mozcloud
        mozcloud_chart_version: 1.0.0
        realm: nonprod
      name: ingress-service
    spec:
      defaultBackend:
        service:
          name: ingress-service
          port:
            number: 8080
  9: |
    apiVersion: cloud.google.com/v1
    kind: BackendConfig
    metadata:
      labels:
        app.kubernetes.io/component: web
        app.kubernetes.io/managed-by: argocd
        app.kubernetes.io/name: mozcloud-test
        app_code: mozcloud-test
        component_code: web
        env_code: dev
        helm.sh/chart: test-chart
        mozcloud_chart: mozcloud
        mozcloud_chart_version: 1.0.0
        realm: nonprod
      name: ingress-service
    spec:
      logging:
        enable: true
        sampleRate: 0.1
  10: |
    apiVersion: networking.gke.io/v1
    kind: ManagedCertificate
    metadata:
      labels:
        app.kubernetes.io/component: web
        app.kubernetes.io/managed-by: argocd
        app.kubernetes.io/name: mozcloud-test
        app_code: mozcloud-test
        component_code: web
        env_code: dev
        helm.sh/chart: test-chart
        mozcloud_chart: mozcloud
        mozcloud_chart_version: 1.0.0
        realm: nonprod
      name: mcrt-ingress-service-dev-test-domain-com
    spec:
      domains:
        - ingress-service.dev.test-domain.com
  11: |
    apiVersion: v1
    kind: Service
    metadata:
      annotations:
        cloud.google.com/backend-config: '{"default": "ingress-service"}'
        cloud.google.com/neg: '{"ingress": true}'
      labels:
        app.kubernetes.io/component: web
        app.kubernetes.io/managed-by: argocd
        app.kubernetes.io/name: mozcloud-test
        app_code: mozcloud-test
        component_code: web
        env_code: dev
        helm.sh/chart: test-chart
        mozcloud_chart: mozcloud
        mozcloud_chart_version: 1.0.0
        realm: nonprod
      name: ingress-service
    spec:
      ports:
        - name: http
          port: 8080
          protocol: TCP
          targetPort: http
      selector:
        app.kubernetes.io/component: web
        app.kubernetes.io/name: mozcloud-test
        env_code: dev
      type: ClusterIP
  12: |
    apiVersion: networking.gke.io/v1beta1
    kind: FrontendConfig
    metadata:
      labels:
        app.kubernetes.io/component: web
        app.kubernetes.io/managed-by: argocd
        app.kubernetes.io/name: mozcloud-test
        app_code: mozcloud-test
        component_code: web
        env_code: dev
        helm.sh/chart: test-chart
        mozcloud_chart: mozcloud
        mozcloud_chart_version: 1.0.0
        realm: nonprod
      name: ingress-service
    spec:
      redirectToHttps:
        enabled: true
      sslPolicy: mozilla-intermediate
