Configuration matches entire snapshot:
  1: |
    apiVersion: policy/v1
    kind: PodDisruptionBudget
    metadata:
      labels:
        app.kubernetes.io/component: web
        app.kubernetes.io/managed-by: argocd
        app.kubernetes.io/name: mozcloud-test
        app_code: mozcloud-test
        component_code: web
        env_code: dev
        helm.sh/chart: test-chart
        mozcloud_chart: mozcloud
        mozcloud_chart_version: 1.0.0
        realm: nonprod
      name: test-service
    spec:
      maxUnavailable: 30%
      minAvailable: 1
      selector:
        matchLabels:
          app.kubernetes.io/component: web
          app.kubernetes.io/name: mozcloud-test
          env_code: dev
