Configuration matches entire snapshot:
  1: |
    apiVersion: v1
    kind: ServiceAccount
    metadata:
      annotations:
        argocd.argoproj.io/sync-wave: "-11"
        iam.gke.io/gcp-service-account: gke-dev@moz-fx-mozcloud-test-nonprod.iam.gserviceaccount.com
      labels:
        app.kubernetes.io/component: serviceaccount
        app.kubernetes.io/managed-by: argocd
        app.kubernetes.io/name: mozcloud-test
        app_code: mozcloud-test
        component_code: serviceaccount
        env_code: dev
        helm.sh/chart: test-chart
        mozcloud_chart: mozcloud
        mozcloud_chart_version: 1.0.0
        realm: nonprod
      name: mozcloud-test
  2: |
    apiVersion: v1
    kind: ServiceAccount
    metadata:
      annotations:
        argocd.argoproj.io/sync-wave: "-11"
        iam.gke.io/gcp-service-account: different-service-nonprod-dev@moz-fx-different-project-nonprod.iam.gserviceaccount.com
      labels:
        app.kubernetes.io/component: null
        app.kubernetes.io/managed-by: argocd
        app.kubernetes.io/name: mozcloud-test
        app_code: mozcloud-test
        component_code: null
        env_code: dev
        helm.sh/chart: test-chart
        mozcloud_chart: mozcloud
        mozcloud_chart_version: 1.0.0
        realm: nonprod
      name: test-k8s-service-account-different-project
  3: |
    apiVersion: v1
    kind: ServiceAccount
    metadata:
      annotations:
        argocd.argoproj.io/sync-wave: "-11"
        iam.gke.io/gcp-service-account: test-service-nonprod-dev@moz-fx-mozcloud-test-nonprod.iam.gserviceaccount.com
      labels:
        app.kubernetes.io/component: null
        app.kubernetes.io/managed-by: argocd
        app.kubernetes.io/name: mozcloud-test
        app_code: mozcloud-test
        component_code: null
        env_code: dev
        helm.sh/chart: test-chart
        mozcloud_chart: mozcloud
        mozcloud_chart_version: 1.0.0
        realm: nonprod
      name: test-k8s-service-account-my-project
  4: |
    apiVersion: apps/v1
    kind: Deployment
    metadata:
      labels:
        app.kubernetes.io/component: web
        app.kubernetes.io/managed-by: argocd
        app.kubernetes.io/name: mozcloud-test
        app_code: mozcloud-test
        component_code: web
        env_code: dev
        helm.sh/chart: test-chart
        mozcloud_chart: mozcloud
        mozcloud_chart_version: 1.0.0
        realm: nonprod
      name: custom-different-project
    spec:
      selector:
        matchLabels:
          app.kubernetes.io/component: web
          app.kubernetes.io/name: mozcloud-test
          env_code: dev
      strategy:
        type: RollingUpdate
      template:
        metadata:
          annotations:
            resource.opentelemetry.io/app_code: mozcloud-test
            resource.opentelemetry.io/component_code: web
            resource.opentelemetry.io/env_code: dev
            resource.opentelemetry.io/realm: nonprod
          labels:
            app.kubernetes.io/component: web
            app.kubernetes.io/managed-by: argocd
            app.kubernetes.io/name: mozcloud-test
            app_code: mozcloud-test
            component_code: web
            env_code: dev
            helm.sh/chart: test-chart
            mozcloud_chart: mozcloud
            mozcloud_chart_version: 1.0.0
            realm: nonprod
        spec:
          containers:
            - envFrom:
                - secretRef:
                    name: mozcloud-test-secrets
              image: test-repo/test-image:1.0.0
              imagePullPolicy: Always
              livenessProbe:
                failureThreshold: 5
                httpGet:
                  path: /__lbheartbeat__
                  port: app
                initialDelaySeconds: 10
                periodSeconds: 6
                successThreshold: 1
                timeoutSeconds: 5
              name: app
              ports:
                - containerPort: 8000
                  name: app
              readinessProbe:
                failureThreshold: 3
                httpGet:
                  path: /__lbheartbeat__
                  port: app
                initialDelaySeconds: 10
                periodSeconds: 6
                successThreshold: 1
                timeoutSeconds: 5
              resources:
                limits:
                  cpu: 200m
                  memory: 256Mi
                requests:
                  cpu: 100m
                  memory: 128Mi
              securityContext:
                allowPrivilegeEscalation: false
                capabilities:
                  drop:
                    - ALL
                seccompProfile:
                  type: RuntimeDefault
          securityContext:
            runAsGroup: 10001
            runAsNonRoot: true
            runAsUser: 10001
            seccompProfile:
              type: RuntimeDefault
          serviceAccountName: test-k8s-service-account-different-project
  5: |
    apiVersion: apps/v1
    kind: Deployment
    metadata:
      labels:
        app.kubernetes.io/component: web
        app.kubernetes.io/managed-by: argocd
        app.kubernetes.io/name: mozcloud-test
        app_code: mozcloud-test
        component_code: web
        env_code: dev
        helm.sh/chart: test-chart
        mozcloud_chart: mozcloud
        mozcloud_chart_version: 1.0.0
        realm: nonprod
      name: custom-my-project
    spec:
      selector:
        matchLabels:
          app.kubernetes.io/component: web
          app.kubernetes.io/name: mozcloud-test
          env_code: dev
      strategy:
        type: RollingUpdate
      template:
        metadata:
          annotations:
            resource.opentelemetry.io/app_code: mozcloud-test
            resource.opentelemetry.io/component_code: web
            resource.opentelemetry.io/env_code: dev
            resource.opentelemetry.io/realm: nonprod
          labels:
            app.kubernetes.io/component: web
            app.kubernetes.io/managed-by: argocd
            app.kubernetes.io/name: mozcloud-test
            app_code: mozcloud-test
            component_code: web
            env_code: dev
            helm.sh/chart: test-chart
            mozcloud_chart: mozcloud
            mozcloud_chart_version: 1.0.0
            realm: nonprod
        spec:
          containers:
            - envFrom:
                - secretRef:
                    name: mozcloud-test-secrets
              image: test-repo/test-image:1.0.0
              imagePullPolicy: Always
              livenessProbe:
                failureThreshold: 5
                httpGet:
                  path: /__lbheartbeat__
                  port: app
                initialDelaySeconds: 10
                periodSeconds: 6
                successThreshold: 1
                timeoutSeconds: 5
              name: app
              ports:
                - containerPort: 8000
                  name: app
              readinessProbe:
                failureThreshold: 3
                httpGet:
                  path: /__lbheartbeat__
                  port: app
                initialDelaySeconds: 10
                periodSeconds: 6
                successThreshold: 1
                timeoutSeconds: 5
              resources:
                limits:
                  cpu: 200m
                  memory: 256Mi
                requests:
                  cpu: 100m
                  memory: 128Mi
              securityContext:
                allowPrivilegeEscalation: false
                capabilities:
                  drop:
                    - ALL
                seccompProfile:
                  type: RuntimeDefault
          securityContext:
            runAsGroup: 10001
            runAsNonRoot: true
            runAsUser: 10001
            seccompProfile:
              type: RuntimeDefault
          serviceAccountName: test-k8s-service-account-my-project
  6: |
    apiVersion: apps/v1
    kind: Deployment
    metadata:
      labels:
        app.kubernetes.io/component: web
        app.kubernetes.io/managed-by: argocd
        app.kubernetes.io/name: mozcloud-test
        app_code: mozcloud-test
        component_code: web
        env_code: dev
        helm.sh/chart: test-chart
        mozcloud_chart: mozcloud
        mozcloud_chart_version: 1.0.0
        realm: nonprod
      name: default
    spec:
      selector:
        matchLabels:
          app.kubernetes.io/component: web
          app.kubernetes.io/name: mozcloud-test
          env_code: dev
      strategy:
        type: RollingUpdate
      template:
        metadata:
          annotations:
            resource.opentelemetry.io/app_code: mozcloud-test
            resource.opentelemetry.io/component_code: web
            resource.opentelemetry.io/env_code: dev
            resource.opentelemetry.io/realm: nonprod
          labels:
            app.kubernetes.io/component: web
            app.kubernetes.io/managed-by: argocd
            app.kubernetes.io/name: mozcloud-test
            app_code: mozcloud-test
            component_code: web
            env_code: dev
            helm.sh/chart: test-chart
            mozcloud_chart: mozcloud
            mozcloud_chart_version: 1.0.0
            realm: nonprod
        spec:
          containers:
            - envFrom:
                - secretRef:
                    name: mozcloud-test-secrets
              image: test-repo/test-image:1.0.0
              imagePullPolicy: Always
              livenessProbe:
                failureThreshold: 5
                httpGet:
                  path: /__lbheartbeat__
                  port: app
                initialDelaySeconds: 10
                periodSeconds: 6
                successThreshold: 1
                timeoutSeconds: 5
              name: app
              ports:
                - containerPort: 8000
                  name: app
              readinessProbe:
                failureThreshold: 3
                httpGet:
                  path: /__lbheartbeat__
                  port: app
                initialDelaySeconds: 10
                periodSeconds: 6
                successThreshold: 1
                timeoutSeconds: 5
              resources:
                limits:
                  cpu: 200m
                  memory: 256Mi
                requests:
                  cpu: 100m
                  memory: 128Mi
              securityContext:
                allowPrivilegeEscalation: false
                capabilities:
                  drop:
                    - ALL
                seccompProfile:
                  type: RuntimeDefault
          securityContext:
            runAsGroup: 10001
            runAsNonRoot: true
            runAsUser: 10001
            seccompProfile:
              type: RuntimeDefault
          serviceAccountName: mozcloud-test
  7: |
    apiVersion: autoscaling/v2
    kind: HorizontalPodAutoscaler
    metadata:
      labels:
        app.kubernetes.io/component: web
        app.kubernetes.io/managed-by: argocd
        app.kubernetes.io/name: mozcloud-test
        app_code: mozcloud-test
        component_code: web
        env_code: dev
        helm.sh/chart: test-chart
        mozcloud_chart: mozcloud
        mozcloud_chart_version: 1.0.0
        realm: nonprod
      name: custom-different-project
    spec:
      maxReplicas: 30
      metrics:
        - resource:
            name: cpu
            target:
              averageUtilization: 60
              type: Utilization
          type: Resource
      minReplicas: 1
      scaleTargetRef:
        apiVersion: apps/v1
        kind: Deployment
        name: custom-different-project
  8: |
    apiVersion: autoscaling/v2
    kind: HorizontalPodAutoscaler
    metadata:
      labels:
        app.kubernetes.io/component: web
        app.kubernetes.io/managed-by: argocd
        app.kubernetes.io/name: mozcloud-test
        app_code: mozcloud-test
        component_code: web
        env_code: dev
        helm.sh/chart: test-chart
        mozcloud_chart: mozcloud
        mozcloud_chart_version: 1.0.0
        realm: nonprod
      name: custom-my-project
    spec:
      maxReplicas: 30
      metrics:
        - resource:
            name: cpu
            target:
              averageUtilization: 60
              type: Utilization
          type: Resource
      minReplicas: 1
      scaleTargetRef:
        apiVersion: apps/v1
        kind: Deployment
        name: custom-my-project
  9: |
    apiVersion: autoscaling/v2
    kind: HorizontalPodAutoscaler
    metadata:
      labels:
        app.kubernetes.io/component: web
        app.kubernetes.io/managed-by: argocd
        app.kubernetes.io/name: mozcloud-test
        app_code: mozcloud-test
        component_code: web
        env_code: dev
        helm.sh/chart: test-chart
        mozcloud_chart: mozcloud
        mozcloud_chart_version: 1.0.0
        realm: nonprod
      name: default
    spec:
      maxReplicas: 30
      metrics:
        - resource:
            name: cpu
            target:
              averageUtilization: 60
              type: Utilization
          type: Resource
      minReplicas: 1
      scaleTargetRef:
        apiVersion: apps/v1
        kind: Deployment
        name: default
