Configuration matches entire snapshot:
  1: |
    apiVersion: v1
    imagePullSecrets:
      - name: default-registry-secret
    kind: ServiceAccount
    metadata:
      annotations:
        argocd.argoproj.io/sync-wave: "-11"
        iam.gke.io/gcp-service-account: gke-dev@moz-fx-mozcloud-test-nonprod.iam.gserviceaccount.com
      labels:
        app.kubernetes.io/component: serviceaccount
        app.kubernetes.io/managed-by: argocd
        app.kubernetes.io/name: mozcloud-test
        app_code: mozcloud-test
        component_code: serviceaccount
        env_code: dev
        helm.sh/chart: test-chart
        mozcloud_chart: mozcloud
        mozcloud_chart_version: 1.0.0
        realm: nonprod
      name: mozcloud-test
  2: |
    apiVersion: v1
    imagePullSecrets:
      - name: custom-registry-secret-1
      - name: custom-registry-secret-2
    kind: ServiceAccount
    metadata:
      annotations:
        argocd.argoproj.io/sync-wave: "-11"
      labels:
        app.kubernetes.io/component: serviceaccount
        app.kubernetes.io/managed-by: argocd
        app.kubernetes.io/name: mozcloud-test
        app_code: mozcloud-test
        component_code: serviceaccount
        env_code: dev
        helm.sh/chart: test-chart
        mozcloud_chart: mozcloud
        mozcloud_chart_version: 1.0.0
        realm: nonprod
      name: custom-sa
