Configuration matches entire snapshot:
  1: |
    apiVersion: networking.k8s.io/v1
    kind: Ingress
    metadata:
      annotations:
        kubernetes.io/ingress.class: traefik
      labels:
        app.kubernetes.io/component: web
        app.kubernetes.io/managed-by: argocd
        app.kubernetes.io/name: mozcloud-test
        app_code: mozcloud-test
        component_code: web
        env_code: dev
        helm.sh/chart: test-chart
        mozcloud_chart: mozcloud
        mozcloud_chart_version: 1.0.0
        realm: nonprod
      name: test-service
    spec:
      ingressClassName: traefik
      rules:
        - host: test-service.dev.test-domain.com
          http:
            paths:
              - backend:
                  service:
                    name: test-service
                    port:
                      number: 8080
                path: /
                pathType: Prefix
  2: |
    apiVersion: v1
    kind: Service
    metadata:
      labels:
        app.kubernetes.io/component: web
        app.kubernetes.io/managed-by: argocd
        app.kubernetes.io/name: mozcloud-test
        app_code: mozcloud-test
        component_code: web
        env_code: dev
        helm.sh/chart: test-chart
        mozcloud_chart: mozcloud
        mozcloud_chart_version: 1.0.0
        realm: nonprod
      name: test-service
    spec:
      ports:
        - name: http
          port: 8080
          protocol: TCP
          targetPort: http
      selector:
        app.kubernetes.io/component: web
        app.kubernetes.io/name: mozcloud-test
        env_code: dev
      type: ClusterIP
